#-----------------------------------------------------------
# Vivado v2018.1 (64-bit)
# SW Build 2188600 on Wed Apr  4 18:40:38 MDT 2018
# IP Build 2185939 on Wed Apr  4 20:55:05 MDT 2018
# Start of session at: Tue Feb 20 18:38:25 2024
# Process ID: 20272
# Current directory: C:/Users/USER/Desktop/project_4/muthumala
# Command line: vivado.exe -gui_launcher_event rodinguilauncherevent5680 C:\Users\USER\Desktop\project_4\muthumala\muthumala.xpr
# Log file: C:/Users/USER/Desktop/project_4/muthumala/vivado.log
# Journal file: C:/Users/USER/Desktop/project_4/muthumala\vivado.jou
#-----------------------------------------------------------sstart_guioopen_project C:/Users/USER/Desktop/project_4/muthumala/muthumala.xpruupdate_compile_order -fileset sources_1
# Disabling source management mode.  This is to allow the top design properties to be set without GUI intervention.
set_property source_mgmt_mode None [current_project]
set_property top TB_DECODER_2_TO_4 [get_filesets sim_1]
set_property top_lib xil_defaultlib [get_filesets sim_1]
# Re-enabling previously disabled source management mode.
set_property source_mgmt_mode All [current_project]
update_compile_order -fileset sim_1
# Disabling source management mode.  This is to allow the top design properties to be set without GUI intervention.
set_property source_mgmt_mode None [current_project]
set_property top Decoder_2_TO_4 [current_fileset]
# Re-enabling previously disabled source management mode.
set_property source_mgmt_mode All [current_project]
update_compile_order -fileset sources_1
launch_simulation
source TB_DECODER_2_TO_4.tcl
close_sim
launch_simulation
source TB_DECODER_2_TO_4.tcl
close_sim
launch_simulation
source TB_DECODER_2_TO_4.tcl
close_sim
launch_simulation
source TB_DECODER_2_TO_4.tcl
close_sim
launch_simulation
source TB_DECODER_2_TO_4.tcl
close_sim
launch_simulation
source TB_DECODER_2_TO_4.tcl
# Disabling source management mode.  This is to allow the top design properties to be set without GUI intervention.
set_property source_mgmt_mode None [current_project]
set_property top TB_Decoder_3_TO_8 [get_filesets sim_1]
set_property top_lib xil_defaultlib [get_filesets sim_1]
# Re-enabling previously disabled source management mode.
set_property source_mgmt_mode All [current_project]
update_compile_order -fileset sim_1
# Disabling source management mode.  This is to allow the top design properties to be set without GUI intervention.
set_property source_mgmt_mode None [current_project]
set_property top Decoder_3_TO_8 [current_fileset]
# Re-enabling previously disabled source management mode.
set_property source_mgmt_mode All [current_project]
update_compile_order -fileset sources_1
launch_simulation
source TB_Decoder_3_TO_8.tcl
# Disabling source management mode.  This is to allow the top design properties to be set without GUI intervention.
set_property source_mgmt_mode None [current_project]
set_property top TB_Mux_8_TO_1_1 [get_filesets sim_1]
set_property top_lib xil_defaultlib [get_filesets sim_1]
# Re-enabling previously disabled source management mode.
set_property source_mgmt_mode All [current_project]
# Disabling source management mode.  This is to allow the top design properties to be set without GUI intervention.
set_property source_mgmt_mode None [current_project]
set_property top Mux_8_TO_1_1 [current_fileset]
# Re-enabling previously disabled source management mode.
set_property source_mgmt_mode All [current_project]
update_compile_order -fileset sim_1
update_compile_order -fileset sources_1
launch_simulation
source TB_Mux_8_TO_1_1.tcl
launch_runs synth_1 -jobs 6
wait_on_run synth_1
reset_run synth_1
launch_runs synth_1 -jobs 6
wait_on_run synth_1
reset_run synth_1
launch_runs impl_1 -jobs 6
wait_on_run impl_1
open_run impl_1
synth_design -rtl -name rtl_1
save_wave_config {C:/Users/USER/Desktop/project_4/muthumala/TB_Mux_8_TO_1_1_behav.wcfg}
add_files -fileset sim_1 -norecurse C:/Users/USER/Desktop/project_4/muthumala/TB_Mux_8_TO_1_1_behav.wcfg
set_property xsim.view C:/Users/USER/Desktop/project_4/muthumala/TB_Mux_8_TO_1_1_behav.wcfg [get_filesets sim_1]
close_sim
current_sim simulation_7
close_sim
close_sim
